{"level":"warn","time":"2025-09-04T17:57:31.571+0530","caller":"globalconfigvalidator/setup.go:45","msg":"Found user credentials in env and cli flag both, credentials in env will be ignored"}
{"level":"warn","time":"2025-09-04T17:57:31.571+0530","caller":"globalconfigvalidator/setup.go:50","msg":"Found key credentials in env and cli flag both, credentials in env will be ignored"}
{"level":"debug","time":"2025-09-04T17:57:32.988+0530","caller":"cmd/bin.go:144","msg":"cli os: darwin, cli arch: arm64"}
{"level":"debug","time":"2025-09-04T17:57:34.338+0530","caller":"cmd/bin.go:153","msg":"Upstream version details: {Name:cli Min:0.2.265 Max:0.2.302} "}
{"level":"info","time":"2025-09-04T17:57:34.338+0530","caller":"cmd/bin.go:201","msg":"Generating TraceID for tracking request: 01K4AB4HBJB0Q5R46J327YMC4G \n"}
{"level":"warn","time":"2025-09-04T17:57:34.340+0530","caller":"globalconfigvalidator/setup.go:45","msg":"Found user credentials in env and cli flag both, credentials in env will be ignored"}
{"level":"warn","time":"2025-09-04T17:57:34.340+0530","caller":"globalconfigvalidator/setup.go:50","msg":"Found key credentials in env and cli flag both, credentials in env will be ignored"}
{"level":"debug","time":"2025-09-04T17:57:37.747+0530","caller":"core/lifecycle.go:107","msg":"Setting environment"}
{"level":"debug","time":"2025-09-04T17:57:37.747+0530","caller":"core/lifecycle.go:110","msg":"Parsing config"}
{"level":"debug","time":"2025-09-04T17:57:37.748+0530","caller":"yamlconfigmanager/setup.go:726","msg":"Custom location for .hyperexecute.yaml specified. Using: hyperexecute_group.yaml"}
{"level":"debug","time":"2025-09-04T17:57:37.748+0530","caller":"yamlconfigmanager/setup.go:118","msg":"using hyperexecute config from : hyperexecute_group.yaml"}
{"level":"debug","time":"2025-09-04T17:57:39.154+0530","caller":"yamlconfigmanager/setup.go:2138","msg":"Autodetecting test type in files of path : /Users/dhakshath/Documents/Frameworks/Wells/Kitchen_Playwright"}
{"level":"debug","time":"2025-09-04T17:57:39.156+0530","caller":"yamlconfigmanager/setup.go:2180","msg":"File in which test type is detected - /Users/dhakshath/Documents/Frameworks/Wells/Kitchen_Playwright/package.json"}
{"level":"debug","time":"2025-09-04T17:57:39.156+0530","caller":"yamlconfigmanager/setup.go:2181","msg":"Pre command in which test type is detected - "}
{"level":"debug","time":"2025-09-04T17:57:39.156+0530","caller":"yamlconfigmanager/setup.go:516","msg":"Automatic test type detected - playwright"}
{"level":"debug","time":"2025-09-04T17:57:39.156+0530","caller":"yamlconfigmanager/setup.go:548","msg":"Tunnel: %!t(<nil>)"}
{"level":"info","time":"2025-09-04T17:57:39.156+0530","caller":"models/HypertestYamlConfig.go:896","msg":"\n\u001b[4m\u001b[1m\u001b[97mExecution Plan\u001b[0m\u001b[22m\u001b[24m"}
{"level":"info","time":"2025-09-04T17:57:39.156+0530","caller":"models/HypertestYamlConfig.go:697","msg":"Mode:    \u001b[36mautosplit\u001b[0m"}
{"level":"info","time":"2025-09-04T17:57:39.156+0530","caller":"models/HypertestYamlConfig.go:757","msg":"Runson:    \u001b[36mlinux\u001b[0m"}
{"level":"info","time":"2025-09-04T17:57:39.156+0530","caller":"models/HypertestYamlConfig.go:765","msg":"Concurrency:    \u001b[36m2\u001b[0m"}
{"level":"info","time":"2025-09-04T17:57:39.156+0530","caller":"models/HypertestYamlConfig.go:829","msg":"Report:    \u001b[36menabled\u001b[0m"}
{"level":"info","time":"2025-09-04T17:57:39.156+0530","caller":"models/HypertestYamlConfig.go:861","msg":"Cache Directories:"}
{"level":"info","time":"2025-09-04T17:57:39.156+0530","caller":"models/HypertestYamlConfig.go:863","msg":"    \u001b[36mnode_modules\u001b[0m"}
{"level":"info","time":"2025-09-04T17:57:39.156+0530","caller":"models/HypertestYamlConfig.go:909","msg":""}
{"level":"debug","time":"2025-09-04T17:57:39.156+0530","caller":"filevalidator/setup.go:49","msg":"Warning: Checking data.json file in current directory, no dataJsonPath found in .hyperexecute.yaml"}
{"level":"debug","time":"2025-09-04T17:57:39.156+0530","caller":"filevalidator/setup.go:53","msg":"Warning: data.json file doesn't exist"}
{"level":"debug","time":"2025-09-04T17:57:44.254+0530","caller":"core/lifecycle.go:516","msg":"Job ID: 0fb786b3-4f35-4c89-b898-17d74e971640"}
{"level":"debug","time":"2025-09-04T17:57:44.254+0530","caller":"events/manager.go:96","msg":"Starting event manager"}
{"level":"debug","time":"2025-09-04T17:57:44.254+0530","caller":"events/manager.go:98","msg":"SSE enabled, getting SSE connection"}
{"level":"debug","time":"2025-09-04T17:57:44.254+0530","caller":"core/lifecycle.go:519","msg":"User - dhakshath, triggered job with ID 0fb786b3-4f35-4c89-b898-17d74e971640 from CLI"}
{"level":"debug","time":"2025-09-04T17:57:44.255+0530","caller":"core/lifecycle.go:522","msg":"User has provided playwright as test type for the job with ID 0fb786b3-4f35-4c89-b898-17d74e971640"}
{"level":"debug","time":"2025-09-04T17:57:44.256+0530","caller":"archivemanager/setup.go:339","msg":"digestMap: map[]"}
{"level":"debug","time":"2025-09-04T17:57:44.256+0530","caller":"archivemanager/setup.go:345","msg":"Creating archive of target directory: /Users/dhakshath/Documents/Frameworks/Wells/Kitchen_Playwright"}
{"level":"debug","time":"2025-09-04T17:57:44.273+0530","caller":"core/lifecycle.go:673","msg":"Zip file size: 13.50 kB"}
{"level":"debug","time":"2025-09-04T17:57:44.273+0530","caller":"core/lifecycle.go:683","msg":"Archive location: /Users/dhakshath/Documents/Frameworks/Wells/Kitchen_Playwright/hyperexecute-code-0fb786b3-4f35-4c89-b898-17d74e971640.zip\n"}
{"level":"debug","time":"2025-09-04T17:57:44.273+0530","caller":"storage/azure.go:59","msg":"Payload size: 13.50 kB, source path /Users/dhakshath/Documents/Frameworks/Wells/Kitchen_Playwright/hyperexecute-code-0fb786b3-4f35-4c89-b898-17d74e971640.zip"}
{"level":"debug","time":"2025-09-04T17:57:44.567+0530","caller":"storage/azure.go:59","msg":"Payload size: 228.84 kB, source path /var/folders/d5/vhtnmxhj2cdbdlvq4jlw4dz00000gp/T/git.diff"}
{"level":"debug","time":"2025-09-04T17:57:45.334+0530","caller":"events/manager.go:280","msg":"connection to hyperexecute server established successfully."}
{"level":"info","time":"2025-09-04T17:57:56.421+0530","caller":"storage/azure.go:114","msg":"File: /Users/dhakshath/Documents/Frameworks/Wells/Kitchen_Playwright/hyperexecute-code-0fb786b3-4f35-4c89-b898-17d74e971640.zip upload completed in 12.148041875s"}
{"level":"debug","time":"2025-09-04T17:57:56.422+0530","caller":"receptionmanager/setup.go:271","msg":"number of entries in runtimes: 0, switching to new yaml format"}
{"level":"debug","time":"2025-09-04T17:57:56.422+0530","caller":"receptionmanager/setup.go:310","msg":"only one partialreports entry detected, mapping it to older yaml format"}
{"level":"debug","time":"2025-09-04T17:57:56.422+0530","caller":"receptionmanager/setup.go:185","msg":"Uploading yaml : /Users/dhakshath/Documents/Frameworks/Wells/Kitchen_Playwright/.updatedhyperexecute.yaml"}
{"level":"debug","time":"2025-09-04T17:57:56.422+0530","caller":"storage/azure.go:59","msg":"Payload size: 3.91 kB, source path /Users/dhakshath/Documents/Frameworks/Wells/Kitchen_Playwright/.updatedhyperexecute.yaml"}
{"level":"info","time":"2025-09-04T17:58:04.456+0530","caller":"storage/azure.go:114","msg":"File: /var/folders/d5/vhtnmxhj2cdbdlvq4jlw4dz00000gp/T/git.diff upload completed in 19.888867459s"}
{"level":"info","time":"2025-09-04T17:58:12.504+0530","caller":"storage/azure.go:114","msg":"File: /Users/dhakshath/Documents/Frameworks/Wells/Kitchen_Playwright/.updatedhyperexecute.yaml upload completed in 16.081956083s"}
{"level":"debug","time":"2025-09-04T17:58:12.505+0530","caller":"core/lifecycle.go:710","msg":"Successfully deleted code archive: /Users/dhakshath/Documents/Frameworks/Wells/Kitchen_Playwright/hyperexecute-code-0fb786b3-4f35-4c89-b898-17d74e971640.zip\n"}
{"level":"debug","time":"2025-09-04T17:58:12.505+0530","caller":"storage/azure.go:59","msg":"Payload size: 1.19 kB, source path mask-0fb786b3-4f35-4c89-b898-17d74e971640.yaml"}
{"level":"info","time":"2025-09-04T17:58:24.579+0530","caller":"storage/azure.go:114","msg":"File: mask-0fb786b3-4f35-4c89-b898-17d74e971640.yaml upload completed in 12.074279667s"}
{"level":"debug","time":"2025-09-04T17:58:26.052+0530","caller":"core/lifecycle.go:825","msg":"Job progress won't be tracked as no-track flag is set true"}
{"level":"debug","time":"2025-09-04T17:58:26.052+0530","caller":"core/lifecycle.go:899","msg":"Context canceled"}
{"level":"info","time":"2025-09-04T17:58:26.052+0530","caller":"events/manager.go:330","msg":"context done and stopping SSE"}
{"level":"debug","time":"2025-09-04T17:58:26.052+0530","caller":"events/manager.go:248","msg":"Stopping event manager"}
{"level":"info","time":"2025-09-04T17:58:26.052+0530","caller":"core/lifecycle.go:902","msg":"\u001b[2mStopping pipeline gracefully\u001b[22m"}
{"level":"info","time":"2025-09-04T17:58:26.053+0530","caller":"jobmanager/manager.go:143","msg":"Job Link: \u001b[4m\u001b[34mhttps://hyperexecute.lambdatest.com/hyperexecute/task?jobId=0fb786b3-4f35-4c89-b898-17d74e971640\u001b[0m\u001b[24m\n"}
{"level":"debug","time":"2025-09-04T17:58:26.053+0530","caller":"core/lifecycle.go:59","msg":"Quit requested from main goroutine...."}
{"level":"debug","time":"2025-09-04T17:58:26.053+0530","caller":"core/lifecycle.go:60","msg":"Waiting for the goroutines to exit"}
{"level":"debug","time":"2025-09-04T17:58:26.053+0530","caller":"core/lifecycle.go:63","msg":"All lifecycle goroutines exited"}
{"level":"debug","time":"2025-09-04T17:58:26.053+0530","caller":"cmd/bin.go:359","msg":"main: all goroutines have finished."}
